[PASS] Build identifier advances to v40.21 anatomy and science layout polish.
[PASS] A shared brain-to-head calibration is registered.
[PASS] Brain calibration lowers and scales the local surface into the reference head.
[PASS] The complete atlas uses the shared brain calibration.
[PASS] The scroll scene imports the same brain calibration.
[PASS] The scroll brain is rendered through the shared calibrated transform.
[PASS] The endocrine chapter brings the endocrine layer forward against a restrained body shell.
[PASS] The urinary chapter brings kidneys, ureters, and bladder forward.
[PASS] The skin chapter isolates the exterior surface and suppresses internal context.
[PASS] The digestive chapter brings its registered organs forward while retaining minimal context.
[PASS] Endocrine chapter reports the four actually represented tissues.
[PASS] Endocrine headline describes visible anatomy rather than an abstract network.
[PASS] Urinary chapter reports its five visible structures.
[PASS] Skin chapter reports the single whole-body exterior surface.
[PASS] Digestive chapter reports its four represented organs.
[PASS] The sticky stage uses one short visible-anatomy label tied to the active chapter.
[PASS] The long complete-atlas context badge is removed from the sticky stage.
[PASS] Technical atlas explanation no longer crowds the sticky stage.
[PASS] Opening chapter pins still provide direct access to the four added systems.
[PASS] The complete-atlas handoff uses a transparent body silhouette.
[PASS] Complete-atlas handoff labels Exterior.
[PASS] Complete-atlas handoff labels Brain.
[PASS] Complete-atlas handoff labels Circulation.
[PASS] Complete-atlas handoff labels Heart.
[PASS] Complete-atlas handoff labels Pelvis + pregnancy.
[PASS] Complete-atlas handoff labels Endocrine.
[PASS] Complete-atlas handoff labels Kidneys.
[PASS] Complete-atlas handoff labels Digestive.
[PASS] The ambiguous circular ALL graphic is removed.
[PASS] Pregnancy and early life receives an intentional full-width library treatment.
[PASS] Science body-system library is a balanced three-by-two grid plus one full-width life-stage pathway.
[PASS] Science library heading is constrained to avoid excessive wrapping and whitespace.
[PASS] Body-system library adapts to a balanced two-column tablet layout.
[PASS] Body-system library becomes one column on mobile.
[PASS] Science page no longer repeats the full interactive Exposome dashboard.
[PASS] Science page reuses the canonical Exposome category data.
[PASS] Science page presents one compact exposure-to-response flow.
[PASS] All canonical Exposome domains are rendered from shared data.
[PASS] Compact Exposome flow has five domains followed by a clear lifetime-response line.
[PASS] v40.21 includes responsive sticky-stage and body-silhouette styling.
[PASS] Dedicated v40.21 audit is registered.
[PASS] Package lock remains byte-identical to the approved baseline.
[PASS] v40.21 change, validation, and architecture records are packaged.
[SUMMARY] 43 passed, 0 failed.
